2fa.telegram.org
3os.org
51g16et00g2.us.sip.livekit.cloud
5t4n6j0wnrl.sip.livekit.cloud
a-cdn.anthropic.com
a2z.org.cn
ab.chatgpt.com
aboutfacebook.com
abtest-sg-tiktok.byteoversea.com
abtest-va-tiktok.byteoversea.com
abuse.telegram.org
accessfacebookfromschool.com
acclaimedvideogames.com
account.sony.com
account.telegram.org
accountkit.com
acebooik.com
acebook.com
achat-followers-instagram.com
acheter-followers-instagram.com
acheterdesfollowersinstagram.com
acheterfollowersinstagram.com
acmvalidations.com
acmvalidationsaws.com
adbappcontrol.com
admin.telegram.org
ads-twitter.com
ads.tiktok.com
advancediddetection.com
aesworkshops.com
ai-interviewer-oofaxhr3.livekit.cloud
ajay.app
alina-guselnikova-eghb6gxe.livekit.cloud
allawnos.com
alpha.telegram.org
alterportal.net
amazon.com
amazonaws-china.com
amazonaws.biz
amazonaws.cn
amazonaws.co.uk
amazonaws.com
amazonaws.com.cn
amazonaws.info
amazonaws.net
amazonaws.org
amazonaws.tv
amazoncognito.com
amazonses.com
amazonwebservices.cn
amazonwebservices.com.cn
amazonworkdocs.cn
amazonworkdocs.com
amazonworkdocs.com.cn
amplifyapp.com
amplifyframework.com
amzndns-cn.biz
amzndns-cn.cn
amzndns-cn.com
amzndns-cn.net
amzndns.co.uk
amzndns.com
amzndns.net
amzndns.org
analytics.facebook.com
analytics.telegram.org
analytics.tiktok.com
android.telegram.org
aniliberty.top
anthropic.com
api-docs.telegram.org
api.anthropic.com
api.openai.com
api.t.me
api.telegram.com
api.telegram.org
api1.telegram.org
api2.telegram.org
api3.telegram.org
aplus.qwen.ai
apollo.telegram.org
archlinux.org
ares.telegram.org
argotunnel.com
armbian.com
armbian.de
artixlinux.org
artstation.com
asfiovnxocqpcry.com.cn
askfacebook.net
askfacebook.org
assets-proxy.anthropic.com
assets.telegram.org
atdmt2.com
athena.telegram.org
atlasdmt.com
atlasonepoint.com
atmeta.com
atscaleconference.com
aurora.telegram.org
auth-cdn.oaistatic.com
auth.openai.com
auth.telegram.org
auth.windsurf.com
aws-border.cn
aws-icp-domain-manager.cn
aws-iot-hackathon.com
aws.com
aws.dev
awsapprunner.com
awsapps.cn
awsapps.com
awsapps.com.cn
awsautopilot.com
awsautoscaling.com
awsbraket.com
awscommandlineinterface.com
awsedstart.com
awseducate.com
awseducate.net
awseducate.org
awsglobalaccelerator.com
awsloft-johannesburg.com
awsloft-stockholm.com
awssecworkshops.com
awsstatic.cn
awsstatic.com
awsthinkbox.com
awstrack.me
awswaf.com
bds-sg.byteoversea.com
beamng.com
beatmods.com
beatsaver.com
beta.telegram.org
binoculus.com
bitbucket.org
bitru.org
bitvise.com
blackhatworld.com
blog.telegram.org
bookstagram.com
bot.t.me
bot.telegram.org
botorch.org
bots.telegram.org
britishcouncil.org
browser-intake-datadoghq.com
browser.run
bsmanager.io
buck.build
buckbuild.com
business.telegram.org
buyingfacebooklikes.com
buyoculus.com
bytedapm.com
byteoversea.com
callfilter.app
callninja-9rs9nskz.livekit.cloud
capcut.com
capcutapi.com
capcutstatic.com
capcutvod.com
careers.telegram.org
careersatfb.com
carstagram.com
cdkworkshop.com
cdn-lfs-eu-1.hf.co
cdn-lfs-us-1.hf.co
cdn-lfs.hf.co
cdn-lfs.huggingface.co
cdn-service.space
cdn-telegram.org
cdn.embedly.com
cdn.oaistatic.com
cdn.polyhaven.com
cdn.telegram.org
cdn.web-global.fds.api.mi-img.com
cdn1.telegram.org
cdn2.telegram.org
cdn3.telegram.org
cdn4.telegram.org
cdn5.telegram.org
cdn6.telegram.org
cdn7.telegram.org
cdn8.telegram.org
cdn9.telegram.org
cdninstagram.com
cdnjs.com
celebgramme.com
cf-china.info
cf-ipfs.com
cf-ns.com
cf-ns.net
cf-ns.site
cf-ns.tech
cfargotunnel.com
cfdata.org
cfl.re
cftest5.cn
cftest6.cn
cftest7.com
cftest8.com
changelog.telegram.org
channels.telegram.org
chat.com
chat.openai.com
chat.openai.com.cdn.cloudflare.net
chat.qwen.ai
chatgpt.com
chatgpt.livekit.cloud
chatgpt.site
chatgpt.turn.livekit.cloud
chathpt.livekit.cloud
check-host.net
chickstagram.com
china-facebook.com
circlecrewpinkcrowd.com
clashverge.dev
clau.de
claude.ai
claude.com
claudemcpclient.com
claudemcpcontent.com
claudeusercontent.com
clerk.com
clerk.dev
clerk.openrouter.ai
click-url.com
clickup-attachments.com
cloudflare-cn.com
cloudflare-dns.com
cloudflare-ech.com
cloudflare-esni.com
cloudflare-gateway.com
cloudflare-ipfs.com
cloudflare-quic.com
cloudflare-terms-of-service-abuse.com
cloudflare.com
cloudflare.dev
cloudflare.net
cloudflare.tv
cloudflareaccess.com
cloudflareanycast.net
cloudflareapps.com
cloudflarebolt.com
cloudflarebrowser.com
cloudflarechallenge.com
cloudflarechina.cn
cloudflareclient.com
cloudflarecn.net
cloudflarecp.com
cloudflareglobal.net
cloudflareinsights-cn.com
cloudflareinsights.com
cloudflareok.com
cloudflarepartners.com
cloudflareperf.com
cloudflareportal.com
cloudflarepreview.com
cloudflareprod.com
cloudflareregistrar.com
cloudflareresearch.com
cloudflareresolve.com
cloudflaressl.com
cloudflarestaging.com
cloudflarestatus.com
cloudflarestorage.com
cloudflarestoragegw.com
cloudflarestream.com
cloudflaresupport.com
cloudflaretest.com
cloudflarewarp.com
cloudflareworkers.com
cloudfront-cn.net
cloudfront-test.cn
cloudfront.cn
cloudfront.com
cloudfront.net
cloudns.net
clubtv.pro
cms-twdigitalassets.com
cochrane.org
coder.qwen.ai
coderabbit.ai
codex.openai.com
comments.app
community.telegram.org
como-hackearfacebook.com
componentkit.org
consensus.app
contact.telegram.org
containersonaws.com
contest.com
contest.telegram.org
control.telegram.org
convertunits.com
copilot.microsoft.com
core.telegram.org
corp.telegram.org
crdroid.net
crixet.com
crowdtangle.com
curseforge.com
customfw.xyz
d4c.nintendo.net
dacebook.com
dashboard.telegram.org
dc1.telegram.org
dc2.telegram.org
dc3.telegram.org
dc4.telegram.org
dc5.telegram.org
dcl.dfra1a.production.livekit.cloud
de.telegram.org
demo.telegram.org
desec.io
desktop.telegram.org
dev.t.me
dev.telegram.org
dev.to
developers.facebook.com
developers.telegram.org
devtest.telegram.org
digitalocean-ui.com
digitalocean.com
digitaloceanspaces.com
discogs.com
discourse-cdn.com
dlfacebook.com
do.co
dockhand.pro
docs.telegram.org
dodopayments.com
donate.telegram.org
dosvid.tk
dotfacebook.com
dotfacebook.net
downloads.claude.ai
draftjs.org
dragons.nintendo.net
drpool.io
ds-servers.com
dsyd1a.turn.livekit.cloud
dvprogram.state.gov
eaaccounts.akamaized.net
easysimplesolution.net
echo-dev.livekit.cloud
edisoninvestor.telegram.com
edx.org
elasticbeanstalk.com
elsevier.com
elsevier.com.cdn.cloudflare.net
email.telegram.org
emotech-38dj94si.livekit.cloud
encryptedsni.com
enterprise.telegram.org
eshop.nintendo.net
eu.telegram.com
every1dns.net
expresswifi.com
ezgif.com
f8.com
faacebok.com
faacebook.com
faasbook.com
facbebook.com
facbeok.com
facboo.com
facbook.com
facbool.com
facboox.com
faccebook.com
faccebookk.com
facdbook.com
facdebook.com
face-book.com
faceabook.com
facebboc.com
facebbook.com
facebboook.com
facebcook.com
facebdok.com
facebgook.com
facebhook.com
facebkkk.com
facebo-ok.com
faceboak.com
facebock.com
facebocke.com
facebof.com
faceboik.com
facebok.com
facebokbook.com
facebokc.com
facebokk.com
facebokok.com
faceboks.com
facebol.com
facebolk.com
facebomok.com
faceboo.com
facebooa.com
faceboob.com
faceboobok.com
facebooc.com
faceboock.com
facebood.com
facebooe.com
faceboof.com
facebooi.com
facebooik.com
facebooik.org
facebooj.com
facebook-corp.com
facebook-covid-19.com
facebook-ebook.com
facebook-forum.com
facebook-hardware.com
facebook-inc.com
facebook-login.com
facebook-newsroom.com
facebook-newsroom.org
facebook-pmdcenter.com
facebook-pmdcenter.net
facebook-pmdcenter.org
facebook-privacy.com
facebook-program.com
facebook-studio.com
facebook-support.org
facebook-texas-holdem.com
facebook-texas-holdem.net
facebook.br
facebook.ca
facebook.cc
facebook.com
facebook.design
facebook.hu
facebook.in
facebook.net
facebook.nl
facebook.org
facebook.se
facebook.shop
facebook.tv
facebook.us
facebook.wang
facebook123.org
facebook30.com
facebook30.net
facebook30.org
facebook4business.com
facebookads.com
facebookadvertisingsecrets.com
facebookappcenter.info
facebookappcenter.net
facebookappcenter.org
facebookatschool.com
facebookawards.com
facebookblueprint.net
facebookbrand.com
facebookbrand.net
facebookcanadianelectionintegrityinitiative.com
facebookcareer.com
facebookcheats.com
facebookck.com
facebookclub.com
facebookcom.com
facebookconnect.com
facebookconsultant.org
facebookcoronavirus.com
facebookcovers.org
facebookcredits.info
facebookdating.net
facebookdevelopergarage.com
facebookdusexe.org
facebookemail.com
facebookenespanol.com
facebookexchange.com
facebookexchange.net
facebookfacebook.com
facebookflow.com
facebookgames.com
facebookgraphsearch.com
facebookgraphsearch.info
facebookgroups.com
facebookhome.cc
facebookhome.com
facebookhome.info
facebookhub.com
facebooki.com
facebookinc.com
facebookland.com
facebooklikeexchange.com
facebooklive.com
facebooklivestaging.net
facebooklivestaging.org
facebooklogin.com
facebooklogin.info
facebookloginhelp.net
facebooklogs.com
facebookmail.com
facebookmail.tv
facebookmanager.info
facebookmarketing.info
facebookmarketingpartner.com
facebookmarketingpartners.com
facebookmobile.com
facebookmsn.com
facebooknews.com
facebooknfl.com
facebooknude.com
facebookofsex.com
facebookook.com
facebookpaper.com
facebookpay.com
facebookphonenumber.net
facebookphoto.com
facebookphotos.com
facebookpmdcenter.com
facebookpoke.net
facebookpoke.org
facebookpoker.info
facebookpokerchips.info
facebookporn.net
facebookporn.org
facebookporno.net
facebookportal.com
facebooks.com
facebooksafety.com
facebooksecurity.net
facebookshop.com
facebooksignup.net
facebooksite.net
facebookstories.com
facebookstudios.net
facebookstudios.org
facebooksupplier.com
facebooksuppliers.com
facebookswagemea.com
facebookswagstore.com
facebooksz.com
facebookthreads.net
facebooktv.net
facebooktv.org
facebookvacation.com
facebookw.com
facebookwork.com
facebookworld.com
facebool.com
facebool.info
facebooll.com
faceboom.com
faceboon.com
faceboonk.com
faceboooik.com
faceboook.com
faceboop.com
faceboot.com
faceboox.com
facebopk.com
facebpook.com
facebuk.com
facebuok.com
facebvook.com
facebyook.com
facebzook.com
facecbgook.com
facecbook.com
facecbook.org
facecook.com
facecook.org
facedbook.com
faceebok.com
faceebook.com
faceebot.com
facegbok.com
facegbook.com
faceobk.com
faceobok.com
faceobook.com
faceook.com
facerbooik.com
facerbook.com
facesbooc.com
facesounds.com
facetook.com
facevbook.com
facewbook.co
facewook.com
facfacebook.com
facfebook.com
faciometrics.com
fackebook.com
facnbook.com
facrbook.com
facvebook.com
facwebook.com
facxebook.com
fadebook.com
faebok.com
faebook.com
faebookc.com
faeboook.com
faecebok.com
faesebook.com
fafacebook.com
faicbooc.com
fandom.com
faq.telegram.org
fasebokk.com
fasebook.com
faseboox.com
fastpic.org
fasttext.cc
favebook.com
favorited.livekit.cloud
faycbok.com
fb.careers
fb.com
fb.gg
fb.me
fb.watch
fbacebook.com
fbbmarket.com
fbboostyourbusiness.com
fbcdn-a.akamaihd.net
fbcdn.com
fbcdn.net
fbf8.com
fbfeedback.com
fbhome.com
fbidb.io
fbinc.com
fbinfer.com
fbinnovation.com
fblitho.com
fbmarketing.com
fbmessenger.com
fbredex.com
fbreg.com
fbrell.com
fbrpms.com
fbsbx.com
fbsbx.net
fbsupport-covid.net
fbthirdpartypixel.com
fbthirdpartypixel.net
fbthirdpartypixel.org
fburl.com
fbwat.ch
fbworkmail.com
fcacebook.com
fcaebook.com
fcebook.com
fcebookk.com
fcfacebook.com
fdacebook.info
feacboo.com
feacbook.com
feacbooke.com
feacebook.com
fecbbok.com
fecbooc.com
fecbook.com
feceboock.com
fecebook.net
feceboox.com
fececbook.com
fedoraproject.org
feedback.telegram.org
feeds.feedburner.com
feook.com
ferabook.com
fescebook.com
fesebook.com
ffacebook.com
fgacebook.com
ficeboock.com
figshare.com
files.oaiusercontent.com
files.telegram.org
files07.oaiusercontent.com
files09.oaiusercontent.com
filmix.my
first-ns.de
flathub.org
flclash.cc
flora.telegram.org
flow.dev
flow.org
flowtype.org
fmcebook.com
fnacebook.com
forum.syncthing.net
forum.telegram.org
fosebook.com
fosshub.com
fossorial.io
foundationdns.com
foundationdns.net
foundationdns.org
fpacebook.com
fqcebook.com
fr.telegram.org
fracebook.com
fragment.com
freeb.com
freebasics.com
freebasics.net
freebs.com
freefacebook.com
freefacebook.net
freefacebookads.net
freefblikes.com
freindfeed.com
frescolib.org
friendbook.info
friendfed.com
friendfeed-api.com
friendfeed-media.com
friendfeed.com
friendfeedmedia.com
friendlyelec.com
frontier.byteoversea.com
fsacebok.com
fscebook.com
ftp.telegram.org
fundraisingwithfacebook.com
funnyfacebook.org
futureofbusinesssurvey.org
fwupd.org
gacebook.com
galaxy.ansible.com
gameroom.com
gather.livekit.cloud
gecko-sg.byteoversea.com
geekbench.com
gfacecbook.com
gitlab.com
gizmochina.com
gnome.org
gopro.com
grafana.net
graph-fallback.instagram.com
graph.instagram.com
graph.org
graph.whatsapp.com
graph.whatsapp.net
groups.com
groups.telegram.org
hackerfacebook.com
hackfacebook.com
hackfacebookid.com
hacklang.org
hades.telegram.org
health.telegram.org
heavyfetish.com
help.telegram.org
helpdesk-static.com
helpdesk.com
heltec.org
hermes.telegram.org
hetzner-cloud.de
hetzner.cloud
hetzner.com
hetzner.company
hetzner.de
hetzner.social
hhvm.com
hifacebook.info
higgsfield.ai
hire.telegram.org
host.livekit.cloud
hostero.eu
howtogeek.com
howtohackfacebook-account.com
hsfacebook.com
httpfacebook.com
httpsfacebook.com
httpwwwfacebook.com
htx.com
htznr.li
huggingface.co
i.org
i18n.telegram.org
ibytedtos.com
ig.me
igcdn.com
igsonar.com
igtv.com
ikea.com
image.telegram.org
imagedelivery.net
imap.telegram.org
imazing.com
img.telegram.org
imgbb.com
imigo.ai
imstagram.com
imtagram.com
inoreader.com
instaadder.com
instachecker.com
instafallow.com
instafollower.com
instagainer.com
instagda.com
instagify.com
instagmania.com
instagor.com
instagram-brand.com
instagram-engineering.com
instagram-help.com
instagram-press.com
instagram-press.net
instagram.com
instagramci.com
instagramcn.com
instagramdi.com
instagramhashtags.net
instagramhilecim.com
instagramhilesi.org
instagramium.com
instagramizlenme.com
instagramkusu.com
instagramlogin.com
instagramm.com
instagramn.com
instagrampartners.com
instagramphoto.com
instagramq.com
instagramsepeti.com
instagramtakipcisatinal.net
instagramtakiphilesi.com
instagramtips.com
instagramtr.com
instagran.com
instagranm.com
instagrem.com
instagrm.com
instagtram.com
instagy.com
instamgram.com
instangram.com
instanttelegram.com
instaplayer.net
instastyle.tv
instgram.com
intagram.com
intagrm.com
internal.telegram.org
internalfb.com
internet.org
intgram.com
ios.telegram.org
ip-104-248-1-248.host.livekit.cloud
ip-140-245-122-194.host.livekit.cloud
ip-140-245-83-252.host.livekit.cloud
ip-143-223-88-147.host.livekit.cloud
ip-143-223-92-35.host.livekit.cloud
ip-143-223-92-77.host.livekit.cloud
ip-143-223-92-90.host.livekit.cloud
ip-149-130-209-74.host.livekit.cloud
ip-152-67-12-237.host.livekit.cloud
ip-158-180-57-21.host.livekit.cloud
ip-161-115-161-0.host.livekit.cloud
ip-161-115-161-135.host.livekit.cloud
ip-161-115-161-149.host.livekit.cloud
ip-161-115-161-179.host.livekit.cloud
ip-161-115-161-190.host.livekit.cloud
ip-161-115-161-51.host.livekit.cloud
ip-161-115-161-57.host.livekit.cloud
ip-161-115-161-62.host.livekit.cloud
ip-161-115-161-74.host.livekit.cloud
ip-161-115-181-103.host.livekit.cloud
ip-161-115-181-53.host.livekit.cloud
ip-161-115-181-7.host.livekit.cloud
ip-161-35-133-18.host.livekit.cloud
ip-193-123-178-71.host.livekit.cloud
ipinfo.app
irc-ws.chat.twitch.tv
isbgpsafeyet.com
isteqra-lectures-1ntumk04.livekit.cloud
ixxx.com
izzysoft.de
jellyfin.org
jinxxy.com
jobs.telegram.org
joeysretrohandhelds.com
karing.app
kde.org
kingstagram.com
klik.me
kyoceradocumentsolutions.com
l10n.telegram.org
lang.telegram.org
learn.chatgpt.com
lenso.ai
lf16-tcc-tos-i18n.byteoversea.com
libria.fun
lifeforge.dev
linkedin.com
links.anthropic.com
linux.telegram.org
linuxserver.io
litellm.ai
livechat.com
livechatinc.com
liverail.com
liverail.tv
llama.com
llhost.eu
lnstagram-help.com
local.telegram.org
localsend.org
log.byteoversea.com
login-account.net
login.telegram.org
lowendtalk.com
luadns.com
m.me
macos.telegram.org
magicalchemy.org
mail.telegram.org
makeitopen.com
manager.telegram.org
manjaro.org
marketplace.windsurf.com
markzuckerberg.com
maximoff.su
mcp-app-connector-692de805e3ec8191834719067174-f70eb4969c98f266.web-sandbox.oaiusercontent.com
mcrouter.net
mcrouter.org
mdpi.com
media.telegram.org
media5.cdnbase.com
mediafilez.forgecdn.net
memepedia.ru
merch.telegram.org
meshtastic.org
messenger.com
messengerdevelopers.com
meta.ai
meta.com
metrics.telegram.org
midentsolutions.com
mirror.chaotic.cx
mmm.byteoversea.com
mobile.telegram.org
mobilefacebook.com
mock-whatsapp-api.staging.livekit.cloud
mon-va.byteoversea.com
moneywithfacebook.com
mongodb.com
monitor.telegram.org
monochrome.tf
mtproto.telegram.org
muscdn.com
music.apple.com
musical.ly
my.telegram.org
myfbfans.com
nbabot.net
netbird.io
news.telegram.org
newsfeed.com
newsletter.telegram.com
nextcloud.com
nextdirect.com
nextstop.com
nexusmods.com
ngcc.byteoversea.com
nginxconfig.io
nicegram.app
nintendo.com
nixos.org
nous-34ylkaql.livekit.cloud
nous-34ylkaql.oashburn1b.production.livekit.cloud
np.scea.com
nuxt.com
nvidia.com
nwcdcloud.cn
nwcdcloud.com.cn
nwcddns.cn
nwcdinfosec.cn
o33249.ingest.sentry.io
oaistatic.com
oaistatsig.com
oaiusercontent.com
oashburn1a.turn.livekit.cloud
oashburn1b.turn.livekit.cloud
ocbase.com
ochicago1a.turn.livekit.cloud
ochicago1b.turn.livekit.cloud
ocul.us
oculus-china.com
oculus.com
oculus2014.com
oculus3d.com
oculusblog.com
oculusbrand.com
oculuscasino.net
oculuscdn.com
oculusconnect.com
oculusdiving.com
oculusforbusiness.com
oculusrift.com
oculusvr.com
ofrankfurt1a.turn.livekit.cloud
ogp.me
omarseille1a.turn.livekit.cloud
omarseille1b.turn.livekit.cloud
omumbai1a.mock-whatsapp-api.staging.livekit.cloud
ondigitalocean.com
one.one.one
one.one.one.one
oninstagram.com
online-deals.net
online-instagram.com
onlineinstagram.com
openai.com
openai.com.cdn.cloudflare.net
openai.qualtrics.com
openaiapi-site.azureedge.net
openaiassets.blob.core.windows.net
openaicom-api-bdcpf8c6d2e9atf6.z01.azurefd.net
openaicom.imgix.net
openaicomproductionae4b.blob.core.windows.net
opencode.ai
opencreate.org
opengraphprotocol.com
opengraphprotocol.org
openrailwaymap.org
openrouter.ai
opensubtitles.org
opentext.com
openwrt.org
opintopolku.fi
ovh.ie
ovhcloud.com
p16-tiktokcdn-com.akamaized.net
pacloudflare.com
pages.dev
panel.telegram.org
pantone.com
parse.com
passport.telegram.org
pastebin.com
patterns.dev
pc-mon-va.byteoversea.com
pdfcoffee.com
peoplemap-l8iwzq7v.livekit.cloud
periscope.tv
persistent.oaistatic.com
pinata.cloud
ping-admin.com
ping.telegram.org
pinia-colada.esm.dev
pinterest.com
pixel.facebook.com
plantuml.com
platform.openai.com
playstation.com
playstation.net
playstationcloud.com
pluto.telegram.org
pop.telegram.org
porkbun.com
portal.qwen.ai
poseidon.telegram.org
powersunitedvr.com
pplx-res.cloudinary.com
premium.telegram.org
private.telegram.org
production-openaicom-storage.azureedge.net
protocol.telegram.org
proton-meet.livekit.cloud
protondb.com
protonvpn.com
proview-eu-prod-ba6i6xgo.livekit.cloud
ps5update.com
pscp.tv
psdownload.com
psremoteplay.com
pstatic.net
pstmn.io
pusher.com
pypi.org
pyrobot.org
qualtrics.com
quiz.directory
qwen.ai
r2.dev
reachtheworldonfacebook.com
react.com
reactjs.com
reactjs.org
recoiljs.org
reddit.com
redkix.com
redux.js.org
report.telegram.org
resizing.flixster.com
rightmove-co-uk.web-sandbox.oaiusercontent.com
rockblack.su
rocksdb.com
rocksdb.net
rocksdb.org
roovza-launches.appsflyersdk.com
roovza.inapps.appsflyersdk.com
roovza.launches.appsflyersdk.com
roovza.skadsdk.appsflyersdk.com
rosepinetheme.com
rottentomatoes.com
route53.cn
ru.telegram.org
rulet.tv
russianfood.com
rutracker.org
s-cdn.anthropic.com
s16.byteoversea.com
sagemaker.com.cn
sandbox.telegram.org
sb-cd.com
sbox.game
scea.com
schema.telegram.org
scira.ai
scribd.com
sdfp-sg.byteoversea.com
sdfp-va.byteoversea.com
sdmntpraustraliaeast.oaiusercontent.com
sdmntprbrazilsouth.oaiusercontent.com
sdmntprcentralindia.oaiusercontent.com
sdmntprcentralus.oaiusercontent.com
sdmntprindiasocentral.oaiusercontent.com
sdmntpritalynorth.oaiusercontent.com
sdmntprjapaneast.oaiusercontent.com
sdmntprkoreacentral.oaiusercontent.com
sdmntprnorthcentralus.oaiusercontent.com
sdmntprnortheu.oaiusercontent.com
sdmntprnortheurope.oaiusercontent.com
sdmntprnznorth.oaiusercontent.com
sdmntprpolandcentral.oaiusercontent.com
sdmntprseasia.oaiusercontent.com
sdmntprsouthcentralus.oaiusercontent.com
sdmntprsoutheastus3.oaiusercontent.com
sdmntprukwest.oaiusercontent.com
sdmntprwestcentralus.oaiusercontent.com
sdmntprwestus.oaiusercontent.com
sdmntprwestus2.oaiusercontent.com
sdmntprwestus3.oaiusercontent.com
second-ns.com
second-ns.de
security.telegram.org
sentry.hetzner.company
seriesgraph.com
servd-anthropic-website.b-cdn.net
server.enterprise.windsurf.com
server.self-serve.windsurf.com
server.windsurf.com
sg-link.byteoversea.com
sgali-mcs.byteoversea.com
shara-mail.com
shop.telegram.org
shopfacebook.com
silabs.com
sing-box.sagernet.org
skillsforall.com
smods.ru
smtp.telegram.org
snikket.org
sonyentertainmentnetwork.com
sora.com
spankbang.com
specialoffer.telegram.com
sportsfacebook.com
sportstream.com
springhealth-hh48msjr.livekit.cloud
srv.nintendo.net
ssh.telegram.org
staging.telegram.org
starling-oversea.byteoversea.com
starling-sg.byteoversea.com
static.telegram.org
static.wixstatic.com
stats.telegram.org
status.telegram.org
steamos.cloud
store.telegram.org
storybook.js.org
strapi.io
strava.com
stripe.com
stripecdn.com
studyinfinland.fi
studystream.livekit.cloud
succurity.com
sunriza-fkglxhd8.livekit.cloud
support.telegram.org
supportfacebook.com
sxyprn.com
sxyprn.net
system.telegram.org
t.co
t.me
tailwind-variants.org
tdesktop.com
tdesktop.telegram.org
tdlib.telegram.org
teamviewer.com
tefl.org
teleg.xyz
telega.one
telegra.ph
telegram-cdn.org
telegram.ai
telegram.asia
telegram.biz
telegram.cloud
telegram.cn
telegram.co
telegram.com
telegram.de
telegram.dev
telegram.dog
telegram.eu
telegram.fr
telegram.host
telegram.in
telegram.info
telegram.io
telegram.jp
telegram.me
telegram.net
telegram.org
telegram.qa
telegram.ru
telegram.services
telegram.solutions
telegram.space
telegram.team
telegram.tech
telegram.uk
telegram.us
telegram.website
telegram.xyz
telegramapp.org
telegramdownload.com
telesco.pe
tellapart.com
terragraph.com
test.telegram.org
testing.telegram.org
text.com
tg.dev
tg.org
tgandroid.telegram.org
tgios.telegram.org
tgram.org
tgraph.telegram.org
thefacebook.com
thefacebook.net
thefind.com
theinstagramhack.com
thelancet.com
thinkboxsoftware.com
threads.com
threads.net
tik-tokapi.com
tiktok-minis.com
tiktok-row.net
tiktok.com
tiktokcdn-eu.com
tiktokcdn-us.com
tiktokcdn-us.com.edgesuite.net
tiktokcdn.com
tiktokcdn.com.akamaized.net
tiktokcdn.com.edgesuite.net
tiktokd.net
tiktokd.org
tiktokeu-cdn.com
tiktokglobalshopv.com
tiktokminis.us
tiktokrow-cdn.com
tiktokv.com
tiktokv.com.edgekey.net
tiktokv.com.edgesuite.net
tiktokv.eu
tiktokv.us
tiktokw.eu
tiktokw.us
tiny.cloud
tnc16-useast1a.byteoversea.com
ton.org
toncenter.com
toplayerserver.com
torg.org
tos-my16-up.byteoversea.com
transistor.fm
translate.telegram.org
translations.telegram.org
tremendous.com
trueachievements.com
trust.anthropic.com
trycloudflare.com
ttcdn-us.com
ttlivecdn.com
ttoverseaus.net
ttwid-sg.byteoversea.com
ttwstatic.com
tunemymusic.com
turn.livekit.cloud
tuya-inc.cn
tuya.com
tuyaaf.com
tuyacn.com
tuyaeu.com
tuyain.com
tuyaus.com
tweetdeck.com
twimg.com
twitpic.com
twitter.biz
twitter.com
twitter.jp
twittercommunity.com
twitterflightschool.com
twitterinc.com
twitteroauth.com
twitterstat.us
twtrdns.net
twttr.com
twttr.net
twvid.com
tx.me
ubuntu-touch.io
updates.telegram.org
uptime.telegram.org
url8792.mail.anthropic.com
use.typekit.net
userbenchmark.com
usercontent.dev
utils.docs.rw
v16-ad.byteoversea.com
vecpea.com
venus-1.web.telegram.org
venus.telegram.org
verify.telegram.org
vesta-1.web.telegram.org
vesta.telegram.org
videodelivery.net
viewpointsfromfacebook.com
vine.co
vivo.com.cn
vod.streamgum.com
vpnjantit.com
vrchat.cloud
vrchat.com
wa.me
walletbot.me
warp.plus
wayground.com
wbagora.com
wbgames.com
wbinsights.com
web-instagram.net
web-sandbox.oaiusercontent.com
web.t.me
web.telegram.org
webk.telegram.org
whatsapp-plus.info
whatsapp-plus.me
whatsapp-plus.net
whatsapp.biz
whatsapp.cc
whatsapp.com
whatsapp.info
whatsapp.net
whatsapp.org
whatsapp.tv
whatsappbrand.com
whoer.net
whyfacebook.com
windows.telegram.org
windowsupdate.com
windsurf.com
wj.byteoversea.com
workers.dev
workplace.com
workplaceusecases.com
worldhack.com
ws.chatgpt.com
wwnd.space
www-facebook.com
www.anthropic.com
www.livekit.cloud
www.telegram.com
www.tiktok.com
wwwfacebok.com
wwwfacebook.com
wwwinstagram.com
wwwmfacebook.com
x.com
xda-developers.com
xdaforums.com
xraycore.org
yarnpkg.com
yogalayout.com
youngliving.com
your-objectstorage.com
your-server.de
your-storagebox.de
your-storageshare.de
zerotier.com
zeus.telegram.org
zuckerberg.com
zuckerberg.net
